c:\users\stepp\documents\visual studio 2022\projects\c\qsc\x64\debug\qsc.pdb
c:\users\stepp\documents\visual studio 2022\projects\c\qsc\x64\debug\qsc.idb
c:\users\stepp\documents\visual studio 2022\projects\c\qsc\qsc\x64\debug\event.obj
c:\users\stepp\documents\visual studio 2022\projects\c\qsc\qsc\x64\debug\encoding.obj
c:\users\stepp\documents\visual studio 2022\projects\c\qsc\qsc\x64\debug\ecdsabase.obj
c:\users\stepp\documents\visual studio 2022\projects\c\qsc\qsc\x64\debug\ecdsa.obj
c:\users\stepp\documents\visual studio 2022\projects\c\qsc\qsc\x64\debug\ecdhbase.obj
c:\users\stepp\documents\visual studio 2022\projects\c\qsc\qsc\x64\debug\ec25519.obj
c:\users\stepp\documents\visual studio 2022\projects\c\qsc\qsc\x64\debug\ecdh.obj
c:\users\stepp\documents\visual studio 2022\projects\c\qsc\qsc\x64\debug\donna128.obj
c:\users\stepp\documents\visual studio 2022\projects\c\qsc\qsc\x64\debug\dilithiumbase_avx2.obj
c:\users\stepp\documents\visual studio 2022\projects\c\qsc\qsc\x64\debug\dilithiumbase.obj
c:\users\stepp\documents\visual studio 2022\projects\c\qsc\qsc\x64\debug\dilithium.obj
c:\users\stepp\documents\visual studio 2022\projects\c\qsc\qsc\x64\debug\csx.obj
c:\users\stepp\documents\visual studio 2022\projects\c\qsc\qsc\x64\debug\csg.obj
c:\users\stepp\documents\visual studio 2022\projects\c\qsc\qsc\x64\debug\cpuidex.obj
c:\users\stepp\documents\visual studio 2022\projects\c\qsc\qsc\x64\debug\consoleutils.obj
c:\users\stepp\documents\visual studio 2022\projects\c\qsc\qsc\x64\debug\collection.obj
c:\users\stepp\documents\visual studio 2022\projects\c\qsc\qsc\x64\debug\chacha.obj
c:\users\stepp\documents\visual studio 2022\projects\c\qsc\qsc\x64\debug\arrayutils.obj
c:\users\stepp\documents\visual studio 2022\projects\c\qsc\qsc\x64\debug\aes.obj
c:\users\stepp\documents\visual studio 2022\projects\c\qsc\qsc\x64\debug\acp.obj
c:\users\stepp\documents\visual studio 2022\projects\c\qsc\qsc\x64\debug\poly1305.obj
c:\users\stepp\documents\visual studio 2022\projects\c\qsc\qsc\x64\debug\ntrubase_avx2.obj
c:\users\stepp\documents\visual studio 2022\projects\c\qsc\qsc\x64\debug\ntrubase.obj
c:\users\stepp\documents\visual studio 2022\projects\c\qsc\qsc\x64\debug\ntru.obj
c:\users\stepp\documents\visual studio 2022\projects\c\qsc\qsc\x64\debug\netutils.obj
c:\users\stepp\documents\visual studio 2022\projects\c\qsc\qsc\x64\debug\memutils.obj
c:\users\stepp\documents\visual studio 2022\projects\c\qsc\qsc\x64\debug\mceliecebase_avx2.obj
c:\users\stepp\documents\visual studio 2022\projects\c\qsc\qsc\x64\debug\mceliecebase.obj
c:\users\stepp\documents\visual studio 2022\projects\c\qsc\qsc\x64\debug\mceliece.obj
c:\users\stepp\documents\visual studio 2022\projects\c\qsc\qsc\x64\debug\list.obj
c:\users\stepp\documents\visual studio 2022\projects\c\qsc\qsc\x64\debug\kyberbase_avx2.obj
c:\users\stepp\documents\visual studio 2022\projects\c\qsc\qsc\x64\debug\kyberbase.obj
c:\users\stepp\documents\visual studio 2022\projects\c\qsc\qsc\x64\debug\kyber.obj
c:\users\stepp\documents\visual studio 2022\projects\c\qsc\qsc\x64\debug\ipinfo.obj
c:\users\stepp\documents\visual studio 2022\projects\c\qsc\qsc\x64\debug\hcg.obj
c:\users\stepp\documents\visual studio 2022\projects\c\qsc\qsc\x64\debug\folderutils.obj
c:\users\stepp\documents\visual studio 2022\projects\c\qsc\qsc\x64\debug\fileutils.obj
c:\users\stepp\documents\visual studio 2022\projects\c\qsc\qsc\x64\debug\falconbase_avx2.obj
c:\users\stepp\documents\visual studio 2022\projects\c\qsc\qsc\x64\debug\falconbase.obj
c:\users\stepp\documents\visual studio 2022\projects\c\qsc\qsc\x64\debug\falcon.obj
c:\users\stepp\documents\visual studio 2022\projects\c\qsc\qsc\x64\debug\stringutils.obj
c:\users\stepp\documents\visual studio 2022\projects\c\qsc\qsc\x64\debug\sphincsplusbase_avx2.obj
c:\users\stepp\documents\visual studio 2022\projects\c\qsc\qsc\x64\debug\sphincsplusbase.obj
c:\users\stepp\documents\visual studio 2022\projects\c\qsc\qsc\x64\debug\intutils.obj
c:\users\stepp\documents\visual studio 2022\projects\c\qsc\qsc\x64\debug\csp.obj
c:\users\stepp\documents\visual studio 2022\projects\c\qsc\qsc\x64\debug\sphincsplus.obj
c:\users\stepp\documents\visual studio 2022\projects\c\qsc\qsc\x64\debug\socketserver.obj
c:\users\stepp\documents\visual studio 2022\projects\c\qsc\qsc\x64\debug\socketclient.obj
c:\users\stepp\documents\visual studio 2022\projects\c\qsc\qsc\x64\debug\socketbase.obj
c:\users\stepp\documents\visual studio 2022\projects\c\qsc\qsc\x64\debug\socket.obj
c:\users\stepp\documents\visual studio 2022\projects\c\qsc\qsc\x64\debug\sha3.obj
c:\users\stepp\documents\visual studio 2022\projects\c\qsc\qsc\x64\debug\sha2.obj
c:\users\stepp\documents\visual studio 2022\projects\c\qsc\qsc\x64\debug\selftest.obj
c:\users\stepp\documents\visual studio 2022\projects\c\qsc\qsc\x64\debug\secrand.obj
c:\users\stepp\documents\visual studio 2022\projects\c\qsc\qsc\x64\debug\scb.obj
c:\users\stepp\documents\visual studio 2022\projects\c\qsc\qsc\x64\debug\rdp.obj
c:\users\stepp\documents\visual studio 2022\projects\c\qsc\qsc\x64\debug\rcs.obj
c:\users\stepp\documents\visual studio 2022\projects\c\qsc\qsc\x64\debug\queue.obj
c:\users\stepp\documents\visual studio 2022\projects\c\qsc\qsc\x64\debug\qsort.obj
c:\users\stepp\documents\visual studio 2022\projects\c\qsc\qsc\x64\debug\qmac.obj
c:\users\stepp\documents\visual studio 2022\projects\c\qsc\qsc\x64\debug\winutils.obj
c:\users\stepp\documents\visual studio 2022\projects\c\qsc\qsc\x64\debug\transpose.obj
c:\users\stepp\documents\visual studio 2022\projects\c\qsc\qsc\x64\debug\timestamp.obj
c:\users\stepp\documents\visual studio 2022\projects\c\qsc\qsc\x64\debug\timerex.obj
c:\users\stepp\documents\visual studio 2022\projects\c\qsc\qsc\x64\debug\async.obj
c:\users\stepp\documents\visual studio 2022\projects\c\qsc\qsc\x64\debug\threadpool.obj
c:\users\stepp\documents\visual studio 2022\projects\c\qsc\qsc\x64\debug\sysutils.obj
c:\users\stepp\documents\visual studio 2022\projects\c\qsc\x64\debug\qsc.lib
c:\users\stepp\documents\visual studio 2022\projects\c\qsc\qsc\x64\debug\qsc.tlog\cl.command.1.tlog
c:\users\stepp\documents\visual studio 2022\projects\c\qsc\qsc\x64\debug\qsc.tlog\cl.items.tlog
c:\users\stepp\documents\visual studio 2022\projects\c\qsc\qsc\x64\debug\qsc.tlog\cl.read.1.tlog
c:\users\stepp\documents\visual studio 2022\projects\c\qsc\qsc\x64\debug\qsc.tlog\cl.write.1.tlog
c:\users\stepp\documents\visual studio 2022\projects\c\qsc\qsc\x64\debug\qsc.tlog\lib-link.read.1.tlog
c:\users\stepp\documents\visual studio 2022\projects\c\qsc\qsc\x64\debug\qsc.tlog\lib-link.write.1.tlog
c:\users\stepp\documents\visual studio 2022\projects\c\qsc\qsc\x64\debug\qsc.tlog\lib.command.1.tlog
