c:\users\stepp\documents\visual studio 2022\projects\c\qsc\cavp\x64\release\vc143.pdb
c:\users\stepp\documents\visual studio 2022\projects\c\qsc\cavp\x64\release\cavp_sphincsplus.obj
c:\users\stepp\documents\visual studio 2022\projects\c\qsc\cavp\x64\release\cavp_sha3.obj
c:\users\stepp\documents\visual studio 2022\projects\c\qsc\cavp\x64\release\cavp_sha2.obj
c:\users\stepp\documents\visual studio 2022\projects\c\qsc\cavp\x64\release\cavp_kyber.obj
c:\users\stepp\documents\visual studio 2022\projects\c\qsc\cavp\x64\release\cavp_dilithium.obj
c:\users\stepp\documents\visual studio 2022\projects\c\qsc\cavp\x64\release\cavp_aes.obj
c:\users\stepp\documents\visual studio 2022\projects\c\qsc\cavp\x64\release\cavp.obj
c:\users\stepp\documents\visual studio 2022\projects\c\qsc\cavp\x64\release\cavp-utils.obj
c:\users\stepp\documents\visual studio 2022\projects\c\qsc\x64\release\cavp.exe
c:\users\stepp\documents\visual studio 2022\projects\c\qsc\x64\release\cavp.pdb
c:\users\stepp\documents\visual studio 2022\projects\c\qsc\cavp\x64\release\cavp.ipdb
c:\users\stepp\documents\visual studio 2022\projects\c\qsc\cavp\x64\release\cavp.iobj
c:\users\stepp\documents\visual studio 2022\projects\c\qsc\cavp\x64\release\cavp.tlog\cl.command.1.tlog
c:\users\stepp\documents\visual studio 2022\projects\c\qsc\cavp\x64\release\cavp.tlog\cl.items.tlog
c:\users\stepp\documents\visual studio 2022\projects\c\qsc\cavp\x64\release\cavp.tlog\cl.read.1.tlog
c:\users\stepp\documents\visual studio 2022\projects\c\qsc\cavp\x64\release\cavp.tlog\cl.write.1.tlog
c:\users\stepp\documents\visual studio 2022\projects\c\qsc\cavp\x64\release\cavp.tlog\link.command.1.tlog
c:\users\stepp\documents\visual studio 2022\projects\c\qsc\cavp\x64\release\cavp.tlog\link.read.1.tlog
c:\users\stepp\documents\visual studio 2022\projects\c\qsc\cavp\x64\release\cavp.tlog\link.secondary.1.tlog
c:\users\stepp\documents\visual studio 2022\projects\c\qsc\cavp\x64\release\cavp.tlog\link.write.1.tlog
