  acp.c
  aes.c
  arrayutils.c
  asn1.c
  chacha.c
  collection.c
  consoleutils.c
  cpuidex.c
  csg.c
  csx.c
  dilithium.c
  dilithiumbase.c
  dilithiumbase_avx2.c
  donna128.c
  ecdsap384base.c
  ecdsap521base.c
  eddh.c
  ed25519.c
  eddhbase.c
  eddsa.c
  Compiling...
  eddsabase.c
  ecdsa.c
  ecdsap256base.c
  encoding.c
  event.c
  falcon.c
  falconbase.c
  falconbase_avx2.c
  fileutils.c
  folderutils.c
  hcg.c
  hqc.c
  hqcbase.c
  hqcbase_avx2.c
  ipinfo.c
  kyber.c
  kyberbase.c
  kyberbase_avx2.c
  list.c
  mceliece.c
  Compiling...
  mceliecebase.c
  mceliecebase_avx2.c
  memutils.c
  netutils.c
  oid.c
  poly1305.c
  qmac.c
  qsort.c
  queue.c
  rcs.c
  rdp.c
  scb.c
  secrand.c
  selftest.c
  sha2.c
  sha3.c
  socket.c
  socketbase.c
  socketclient.c
  socketserver.c
  Compiling...
  sphincsplus.c
  csp.c
  intutils.c
  sphincsplusbase.c
  sphincsplusbase_avx2.c
  stringutils.c
  sysutils.c
  threadpool.c
  async.c
  timerex.c
  timestamp.c
  transpose.c
  winutils.c
  x509cert.c
  x509ext.c
  x509name.c
  x509sig.c
  x509sigver.c
  x509spki.c
  x509time.c
  Compiling...
  x509verify.c
  QSC.vcxproj -> C:\Users\stepp\Documents\Visual Studio 2022\Projects\C\QSC\x64\Release\QSC.lib
